// Jest Snapshot v1, https://goo.gl/fbAQLP

exports[`Table Component renders the table with correct data 1`] = `
<div>
  <div
    class="p-4 bg-[#e6e1e6] rounded-[10px] "
  >
    <h4
      class="text-center text-sm mb-4 font-medium text-[#48454E]"
    >
      Test Table
    </h4>
    <div
      class="MuiTableContainer-root css-70zvr5-MuiTableContainer-root"
      numberofcolumns="6"
    >
      <table
        aria-label="simple table"
        class="MuiTable-root css-1xwxv7r-MuiTable-root"
      >
        <thead
          class="MuiTableHead-root css-1a7iywq-MuiTableHead-root"
        >
          <tr
            class="MuiTableRow-root MuiTableRow-head css-1xtozoh-MuiTableRow-root"
          >
            <th
              class="MuiTableCell-root MuiTableCell-head MuiTableCell-alignCenter MuiTableCell-sizeMedium text-nowrap css-bmnu5q-MuiTableCell-root"
              scope="col"
            >
              First Name
            </th>
            <th
              class="MuiTableCell-root MuiTableCell-head MuiTableCell-alignCenter MuiTableCell-sizeMedium text-nowrap css-bmnu5q-MuiTableCell-root"
              scope="col"
            >
              Last Name
            </th>
            <th
              class="MuiTableCell-root MuiTableCell-head MuiTableCell-alignCenter MuiTableCell-sizeMedium text-nowrap css-bmnu5q-MuiTableCell-root"
              scope="col"
            >
              Age
            </th>
            <th
              class="MuiTableCell-root MuiTableCell-head MuiTableCell-alignCenter MuiTableCell-sizeMedium text-nowrap css-bmnu5q-MuiTableCell-root"
              scope="col"
            >
              Visits
            </th>
            <th
              class="MuiTableCell-root MuiTableCell-head MuiTableCell-alignCenter MuiTableCell-sizeMedium text-nowrap css-bmnu5q-MuiTableCell-root"
              scope="col"
            >
              Status
            </th>
            <th
              class="MuiTableCell-root MuiTableCell-head MuiTableCell-alignCenter MuiTableCell-sizeMedium text-nowrap css-bmnu5q-MuiTableCell-root"
              scope="col"
            >
              Profile Progress
            </th>
          </tr>
        </thead>
        <tbody
          class="MuiTableBody-root css-gmh7jj-MuiTableBody-root"
        >
          <tr
            class="MuiTableRow-root css-6phqnb-MuiTableRow-root"
          >
            <td
              aria-label="tanner"
              class="MuiTableCell-root MuiTableCell-body MuiTableCell-alignCenter MuiTableCell-sizeMedium text-nowrap css-14y13q2-MuiTableCell-root"
              data-mui-internal-clone-element="true"
            >
              tanner
            </td>
            <td
              aria-label="linsley"
              class="MuiTableCell-root MuiTableCell-body MuiTableCell-alignCenter MuiTableCell-sizeMedium text-nowrap css-14y13q2-MuiTableCell-root"
              data-mui-internal-clone-element="true"
            >
              <i>
                linsley
              </i>
            </td>
            <td
              aria-label="24"
              class="MuiTableCell-root MuiTableCell-body MuiTableCell-alignCenter MuiTableCell-sizeMedium text-nowrap css-14y13q2-MuiTableCell-root"
              data-mui-internal-clone-element="true"
            >
              24
            </td>
            <td
              aria-label="100"
              class="MuiTableCell-root MuiTableCell-body MuiTableCell-alignCenter MuiTableCell-sizeMedium text-nowrap css-14y13q2-MuiTableCell-root"
              data-mui-internal-clone-element="true"
            >
              100
            </td>
            <td
              aria-label="In Relationship"
              class="MuiTableCell-root MuiTableCell-body MuiTableCell-alignCenter MuiTableCell-sizeMedium text-nowrap css-14y13q2-MuiTableCell-root"
              data-mui-internal-clone-element="true"
            >
              In Relationship
            </td>
            <td
              aria-label="50"
              class="MuiTableCell-root MuiTableCell-body MuiTableCell-alignCenter MuiTableCell-sizeMedium text-nowrap css-14y13q2-MuiTableCell-root"
              data-mui-internal-clone-element="true"
            >
              50
            </td>
          </tr>
          <tr
            class="MuiTableRow-root css-6phqnb-MuiTableRow-root"
          >
            <td
              aria-label="tandy"
              class="MuiTableCell-root MuiTableCell-body MuiTableCell-alignCenter MuiTableCell-sizeMedium text-nowrap css-14y13q2-MuiTableCell-root"
              data-mui-internal-clone-element="true"
            >
              tandy
            </td>
            <td
              aria-label="miller"
              class="MuiTableCell-root MuiTableCell-body MuiTableCell-alignCenter MuiTableCell-sizeMedium text-nowrap css-14y13q2-MuiTableCell-root"
              data-mui-internal-clone-element="true"
            >
              <i>
                miller
              </i>
            </td>
            <td
              aria-label="40"
              class="MuiTableCell-root MuiTableCell-body MuiTableCell-alignCenter MuiTableCell-sizeMedium text-nowrap css-14y13q2-MuiTableCell-root"
              data-mui-internal-clone-element="true"
            >
              40
            </td>
            <td
              aria-label="40"
              class="MuiTableCell-root MuiTableCell-body MuiTableCell-alignCenter MuiTableCell-sizeMedium text-nowrap css-14y13q2-MuiTableCell-root"
              data-mui-internal-clone-element="true"
            >
              40
            </td>
            <td
              aria-label="Single"
              class="MuiTableCell-root MuiTableCell-body MuiTableCell-alignCenter MuiTableCell-sizeMedium text-nowrap css-14y13q2-MuiTableCell-root"
              data-mui-internal-clone-element="true"
            >
              Single
            </td>
            <td
              aria-label="80"
              class="MuiTableCell-root MuiTableCell-body MuiTableCell-alignCenter MuiTableCell-sizeMedium text-nowrap css-14y13q2-MuiTableCell-root"
              data-mui-internal-clone-element="true"
            >
              80
            </td>
          </tr>
          <tr
            class="MuiTableRow-root css-6phqnb-MuiTableRow-root"
          >
            <td
              aria-label="joe"
              class="MuiTableCell-root MuiTableCell-body MuiTableCell-alignCenter MuiTableCell-sizeMedium text-nowrap css-14y13q2-MuiTableCell-root"
              data-mui-internal-clone-element="true"
            >
              joe
            </td>
            <td
              aria-label="dirte"
              class="MuiTableCell-root MuiTableCell-body MuiTableCell-alignCenter MuiTableCell-sizeMedium text-nowrap css-14y13q2-MuiTableCell-root"
              data-mui-internal-clone-element="true"
            >
              <i>
                dirte
              </i>
            </td>
            <td
              aria-label="45"
              class="MuiTableCell-root MuiTableCell-body MuiTableCell-alignCenter MuiTableCell-sizeMedium text-nowrap css-14y13q2-MuiTableCell-root"
              data-mui-internal-clone-element="true"
            >
              45
            </td>
            <td
              aria-label="20"
              class="MuiTableCell-root MuiTableCell-body MuiTableCell-alignCenter MuiTableCell-sizeMedium text-nowrap css-14y13q2-MuiTableCell-root"
              data-mui-internal-clone-element="true"
            >
              20
            </td>
            <td
              aria-label="Complicated"
              class="MuiTableCell-root MuiTableCell-body MuiTableCell-alignCenter MuiTableCell-sizeMedium text-nowrap css-14y13q2-MuiTableCell-root"
              data-mui-internal-clone-element="true"
            >
              Complicated
            </td>
            <td
              aria-label="10"
              class="MuiTableCell-root MuiTableCell-body MuiTableCell-alignCenter MuiTableCell-sizeMedium text-nowrap css-14y13q2-MuiTableCell-root"
              data-mui-internal-clone-element="true"
            >
              10
            </td>
          </tr>
        </tbody>
      </table>
    </div>
  </div>
</div>
`;
